// Jest Snapshot v1, https://goo.gl/fbAQLP

exports[`Activity Log shows a table of activity for the org 1`] = `
<table
  class="sc-htpNat cJosdG"
  id="activityLog"
  style="table-layout: auto;"
>
  <thead>
    <tr>
      <th>
        Timestamp
      </th>
      <th>
        User
      </th>
      <th>
        Action
      </th>
      <th>
        Audit
      </th>
      <th>
        Jurisdiction
      </th>
    </tr>
  </thead>
  <tbody>
    <tr>
      <td>
        8/31/2021, 11:05:49 PM
      </td>
      <td>
        admin@example.gov
      </td>
      <td>
        Deleted audit
      </td>
      <td>
        Test Audit
      </td>
      <td />
    </tr>
    <tr>
      <td>
        8/31/2021, 11:04:49 PM
      </td>
      <td />
      <td>
        Ended round 1
      </td>
      <td>
        Test Audit
      </td>
      <td />
    </tr>
    <tr>
      <td>
        8/31/2021, 11:03:49 PM
      </td>
      <td />
      <td>
        Audit Board #1 signed off
      </td>
      <td>
        Test Audit
      </td>
      <td>
        Jurisdiction 1
      </td>
    </tr>
    <tr>
      <td>
        8/31/2021, 11:02:49 PM
      </td>
      <td>
        admin@example.gov
      </td>
      <td>
        Recorded results
      </td>
      <td>
        Test Audit
      </td>
      <td>
        Jurisdiction 1
      </td>
    </tr>
    <tr>
      <td>
        8/31/2021, 11:01:49 PM
      </td>
      <td>
        admin@example.gov
      </td>
      <td>
        Created audit boards
      </td>
      <td>
        Test Audit
      </td>
      <td>
        Jurisdiction 1
      </td>
    </tr>
    <tr>
      <td>
        8/31/2021, 11:00:49 PM
      </td>
      <td>
        support@example.gov
      </td>
      <td>
        Started round 1
      </td>
      <td>
        Test Audit
      </td>
      <td />
    </tr>
    <tr>
      <td>
        8/31/2021, 10:59:49 PM
      </td>
      <td>
        admin@example.gov
      </td>
      <td>
        Calculated sample sizes
      </td>
      <td>
        Test Audit
      </td>
      <td />
    </tr>
    <tr>
      <td>
        8/31/2021, 10:58:49 PM
      </td>
      <td />
      <td>
        Successfully uploaded CVRs
      </td>
      <td>
        Test Audit
      </td>
      <td>
        Jurisdiction 1
      </td>
    </tr>
    <tr>
      <td>
        8/31/2021, 10:57:49 PM
      </td>
      <td />
      <td>
        Successfully uploaded candidate totals by batch
      </td>
      <td>
        Test Audit
      </td>
      <td>
        Jurisdiction 1
      </td>
    </tr>
    <tr>
      <td>
        8/31/2021, 10:56:49 PM
      </td>
      <td />
      <td>
        Uploaded invalid ballot manifest
      </td>
      <td>
        Test Audit
      </td>
      <td>
        Jurisdiction 1
      </td>
    </tr>
    <tr>
      <td>
        8/31/2021, 10:55:49 PM
      </td>
      <td>
        admin@example.gov
      </td>
      <td>
        Logged in as a Jurisdiction Manager
      </td>
      <td>
        Test Audit
      </td>
      <td />
    </tr>
    <tr>
      <td>
        8/31/2021, 10:54:49 PM
      </td>
      <td>
        admin@example.gov
      </td>
      <td>
        <span>
          Failed to log in as a Jurisdiction Manager: 
          <br />
          Invalid code
        </span>
      </td>
      <td>
        Test Audit
      </td>
      <td />
    </tr>
    <tr>
      <td>
        8/31/2021, 10:53:49 PM
      </td>
      <td>
        admin@example.gov
      </td>
      <td>
        Created audit
      </td>
      <td>
        Test Audit
      </td>
      <td />
    </tr>
  </tbody>
</table>
`;
