// Jest Snapshot v1, https://goo.gl/fbAQLP

exports[`AA setup flow renders sidebar when authenticated on /progress 1`] = `
<div>
  <div
    class="sc-bdVaJa AANBu"
  >
    <div
      class="bp3-callout sc-kEYyzF ejxvfy"
    >
      <div
        class="sc-bwzfXH iqXUnX"
      >
        <div
          class="text"
        >
          <h4
            class="bp3-heading"
          >
            The audit has not started.
          </h4>
          <p>
            Audit setup is complete.
          </p>
          <p>
            0 of 2 jurisdictions have completed file uploads.
          </p>
        </div>
      </div>
    </div>
    <div
      class="sc-bwzfXH iqXUnX"
    >
      <div
        class="sc-bxivhb jyZAjn"
      >
        <h2
          class="bp3-heading sc-htpNat fysvnw"
        >
          Audit Progress
        </h2>
        <ul
          class="bp3-menu"
        >
          <li
            class=""
          >
            <a
              class="bp3-menu-item bp3-active bp3-intent-primary bp3-popover-dismiss"
            >
              <div
                class="bp3-text-overflow-ellipsis bp3-fill"
              >
                Jurisdictions
              </div>
            </a>
          </li>
        </ul>
      </div>
      <div
        class="sc-kkGfuU dlXfCe"
      >
        <h2
          class="bp3-heading sc-htpNat fysvnw"
        >
          Audit Progress by Jurisdiction
        </h2>
        <div>
          <div
            class="bp3-table-container bp3-table-selection-enabled"
            tabindex="0"
          >
            <div
              class="bp3-table-quadrant-stack"
            >
              <div
                class="bp3-table-quadrant bp3-table-quadrant-main"
              >
                <div
                  class="bp3-table-quadrant-scroll-container"
                >
                  <div
                    class="bp3-table-top-container"
                  >
                    <div
                      class="bp3-table-column-headers bp3-table-selection-enabled"
                    >
                      <div
                        style="width: 600px;"
                      >
                        <div
                          class="bp3-table-thead bp3-table-column-header-tr"
                          style="transform: translateX(0px); width: 600px;"
                        >
                          <div
                            class="bp3-table-header bp3-table-cell-col-0 bp3-table-column-header-cell"
                            style="flex-basis: 150px; min-width: 0px; width: 150px;"
                          >
                            <div
                              class="bp3-table-column-name"
                              title="Jurisdiction Name"
                            >
                              <div
                                class="bp3-table-column-name-text"
                              >
                                <div
                                  class="bp3-table-truncated-text"
                                >
                                  Jurisdiction Name
                                </div>
                              </div>
                            </div>
                            <div
                              class="bp3-table-header-content"
                            />
                          </div>
                          <div
                            class="bp3-table-header bp3-table-cell-col-1 bp3-table-column-header-cell"
                            style="flex-basis: 150px; min-width: 0px; width: 150px;"
                          >
                            <div
                              class="bp3-table-column-name"
                              title="Status"
                            >
                              <div
                                class="bp3-table-column-name-text"
                              >
                                <div
                                  class="bp3-table-truncated-text"
                                >
                                  Status
                                </div>
                              </div>
                            </div>
                            <div
                              class="bp3-table-header-content"
                            />
                          </div>
                          <div
                            class="bp3-table-header bp3-table-cell-col-2 bp3-table-column-header-cell"
                            style="flex-basis: 150px; min-width: 0px; width: 150px;"
                          >
                            <div
                              class="bp3-table-column-name"
                              title="Total Audited"
                            >
                              <div
                                class="bp3-table-column-name-text"
                              >
                                <div
                                  class="bp3-table-truncated-text"
                                >
                                  Total Audited
                                </div>
                              </div>
                            </div>
                            <div
                              class="bp3-table-header-content"
                            />
                          </div>
                          <div
                            class="bp3-table-header bp3-table-last-in-row bp3-table-cell-col-3 bp3-table-column-header-cell"
                            style="flex-basis: 150px; min-width: 0px; width: 150px;"
                          >
                            <div
                              class="bp3-table-column-name"
                              title="Remaining in Round"
                            >
                              <div
                                class="bp3-table-column-name-text"
                              >
                                <div
                                  class="bp3-table-truncated-text"
                                >
                                  Remaining in Round
                                </div>
                              </div>
                            </div>
                            <div
                              class="bp3-table-header-content"
                            />
                          </div>
                        </div>
                      </div>
                    </div>
                  </div>
                  <div
                    class="bp3-table-bottom-container"
                    style="height: 60px; width: 600px;"
                  >
                    <div
                      class="bp3-table-quadrant-body-container"
                    >
                      <div>
                        <div
                          class="bp3-table-body-virtual-client bp3-table-cell-client"
                          style="height: 60px; width: 600px;"
                        >
                          <div
                            class="bp3-table-body-cells"
                          >
                            <div
                              class="bp3-table-cell bp3-table-truncated-cell bp3-table-cell-row-0 bp3-table-cell-col-0 bp3-table-cell-ledger-even sc-iAyFgw ebPmAO"
                              style="height: 30px; left: 0px; position: absolute; top: 0px; width: 150px;"
                            >
                              <div
                                class="bp3-table-truncated-text bp3-table-no-wrap-text"
                              >
                                <button
                                  class="bp3-button bp3-minimal bp3-small bp3-intent-primary sc-gzVnrw kdzzfK"
                                  parentcellheight="30"
                                  parentcellwidth="150"
                                  type="button"
                                >
                                  <span
                                    class="bp3-button-text"
                                  >
                                    Jurisdiction One
                                  </span>
                                </button>
                              </div>
                            </div>
                            <div
                              class="bp3-table-cell bp3-table-truncated-cell bp3-table-cell-row-0 bp3-table-cell-col-1 bp3-table-cell-ledger-even sc-iAyFgw ebPmAO"
                              style="height: 30px; left: 150px; position: absolute; top: 0px; width: 150px;"
                            >
                              <div
                                class="bp3-table-truncated-text bp3-table-no-wrap-text"
                              >
                                No manifest uploaded
                              </div>
                            </div>
                            <div
                              class="bp3-table-cell bp3-table-truncated-cell bp3-table-cell-row-0 bp3-table-cell-col-2 bp3-table-cell-ledger-even sc-iAyFgw ebPmAO"
                              style="height: 30px; left: 300px; position: absolute; top: 0px; width: 150px;"
                            >
                              <div
                                class="bp3-table-truncated-text bp3-table-no-wrap-text"
                              />
                            </div>
                            <div
                              class="bp3-table-cell bp3-table-truncated-cell bp3-table-cell-row-0 bp3-table-cell-col-3 bp3-table-last-in-row bp3-table-cell-ledger-even sc-iAyFgw ebPmAO"
                              style="height: 30px; left: 450px; position: absolute; top: 0px; width: 150px;"
                            >
                              <div
                                class="bp3-table-truncated-text bp3-table-no-wrap-text"
                              />
                            </div>
                            <div
                              class="bp3-table-cell bp3-table-truncated-cell bp3-table-cell-row-1 bp3-table-cell-col-0 bp3-table-last-in-column bp3-table-cell-ledger-odd sc-iAyFgw ebPmAO"
                              style="height: 30px; left: 0px; position: absolute; top: 30px; width: 150px;"
                            >
                              <div
                                class="bp3-table-truncated-text bp3-table-no-wrap-text"
                              >
                                <button
                                  class="bp3-button bp3-minimal bp3-small bp3-intent-primary sc-gzVnrw kdzzfK"
                                  parentcellheight="30"
                                  parentcellwidth="150"
                                  type="button"
                                >
                                  <span
                                    class="bp3-button-text"
                                  >
                                    Jurisdiction Two
                                  </span>
                                </button>
                              </div>
                            </div>
                            <div
                              class="bp3-table-cell bp3-table-truncated-cell bp3-table-cell-row-1 bp3-table-cell-col-1 bp3-table-last-in-column bp3-table-cell-ledger-odd sc-iAyFgw ebPmAO"
                              style="height: 30px; left: 150px; position: absolute; top: 30px; width: 150px;"
                            >
                              <div
                                class="bp3-table-truncated-text bp3-table-no-wrap-text"
                              >
                                No manifest uploaded
                              </div>
                            </div>
                            <div
                              class="bp3-table-cell bp3-table-truncated-cell bp3-table-cell-row-1 bp3-table-cell-col-2 bp3-table-last-in-column bp3-table-cell-ledger-odd sc-iAyFgw ebPmAO"
                              style="height: 30px; left: 300px; position: absolute; top: 30px; width: 150px;"
                            >
                              <div
                                class="bp3-table-truncated-text bp3-table-no-wrap-text"
                              />
                            </div>
                            <div
                              class="bp3-table-cell bp3-table-truncated-cell bp3-table-cell-row-1 bp3-table-cell-col-3 bp3-table-last-in-column bp3-table-last-in-row bp3-table-cell-ledger-odd sc-iAyFgw ebPmAO"
                              style="height: 30px; left: 450px; position: absolute; top: 30px; width: 150px;"
                            >
                              <div
                                class="bp3-table-truncated-text bp3-table-no-wrap-text"
                              />
                            </div>
                          </div>
                        </div>
                      </div>
                    </div>
                  </div>
                </div>
              </div>
              <div
                class="bp3-table-quadrant bp3-table-quadrant-top"
                style="height: 30px; right: 0px;"
              >
                <div
                  class="bp3-table-quadrant-scroll-container"
                >
                  <div
                    class="bp3-table-top-container"
                  >
                    <div
                      class="bp3-table-column-headers bp3-table-selection-enabled"
                    >
                      <div
                        style="width: 600px;"
                      >
                        <div
                          class="bp3-table-thead bp3-table-column-header-tr"
                          style="transform: translateX(0px); width: 600px;"
                        >
                          <div
                            class="bp3-table-header bp3-table-cell-col-0 bp3-table-column-header-cell"
                            style="flex-basis: 150px; min-width: 0px; width: 150px;"
                          >
                            <div
                              class="bp3-table-column-name"
                              title="Jurisdiction Name"
                            >
                              <div
                                class="bp3-table-column-name-text"
                              >
                                <div
                                  class="bp3-table-truncated-text"
                                >
                                  Jurisdiction Name
                                </div>
                              </div>
                            </div>
                            <div
                              class="bp3-table-header-content"
                            />
                          </div>
                          <div
                            class="bp3-table-header bp3-table-cell-col-1 bp3-table-column-header-cell"
                            style="flex-basis: 150px; min-width: 0px; width: 150px;"
                          >
                            <div
                              class="bp3-table-column-name"
                              title="Status"
                            >
                              <div
                                class="bp3-table-column-name-text"
                              >
                                <div
                                  class="bp3-table-truncated-text"
                                >
                                  Status
                                </div>
                              </div>
                            </div>
                            <div
                              class="bp3-table-header-content"
                            />
                          </div>
                          <div
                            class="bp3-table-header bp3-table-cell-col-2 bp3-table-column-header-cell"
                            style="flex-basis: 150px; min-width: 0px; width: 150px;"
                          >
                            <div
                              class="bp3-table-column-name"
                              title="Total Audited"
                            >
                              <div
                                class="bp3-table-column-name-text"
                              >
                                <div
                                  class="bp3-table-truncated-text"
                                >
                                  Total Audited
                                </div>
                              </div>
                            </div>
                            <div
                              class="bp3-table-header-content"
                            />
                          </div>
                          <div
                            class="bp3-table-header bp3-table-last-in-row bp3-table-cell-col-3 bp3-table-column-header-cell"
                            style="flex-basis: 150px; min-width: 0px; width: 150px;"
                          >
                            <div
                              class="bp3-table-column-name"
                              title="Remaining in Round"
                            >
                              <div
                                class="bp3-table-column-name-text"
                              >
                                <div
                                  class="bp3-table-truncated-text"
                                >
                                  Remaining in Round
                                </div>
                              </div>
                            </div>
                            <div
                              class="bp3-table-header-content"
                            />
                          </div>
                        </div>
                      </div>
                    </div>
                  </div>
                  <div
                    class="bp3-table-bottom-container"
                    style="height: 60px; width: 600px;"
                  >
                    <div
                      class="bp3-table-quadrant-body-container"
                    >
                      <div>
                        <div
                          class="bp3-table-body-virtual-client bp3-table-cell-client"
                          style="width: 600px;"
                        >
                          <div
                            class="bp3-table-body-cells"
                          />
                        </div>
                      </div>
                    </div>
                  </div>
                </div>
              </div>
            </div>
            <div
              class="bp3-table-overlay-layer bp3-table-reordering-cursor-overlay"
            />
            <div
              class="bp3-table-resize-guides bp3-table-overlay-layer"
            />
            <div
              class="bp3-table-resize-sensor"
              style="position: absolute; left: 0px; top: 0px; right: 0px; bottom: 0px; overflow: hidden; z-index: -1; visibility: hidden;"
            >
              <div
                class="bp3-table-resize-sensor-expand"
                style="position: absolute; left: 0; top: 0; right: 0; bottom: 0; overflow: hidden; z-index: -1; visibility: hidden;"
              >
                <div
                  style="position: absolute; left: 0px; top: 0px; transition: 0s; width: 100000px; height: 100000px;"
                />
              </div>
              <div
                class="bp3-table-resize-sensor-shrink"
                style="position: absolute; left: 0; top: 0; right: 0; bottom: 0; overflow: hidden; z-index: -1; visibility: hidden;"
              >
                <div
                  style="position: absolute; left: 0; top: 0; transition: 0s; width: 200%; height: 200%;"
                />
              </div>
            </div>
          </div>
        </div>
      </div>
    </div>
  </div>
</div>
`;

exports[`AA setup flow renders sidebar when authenticated on /setup 1`] = `
<div>
  <div
    class="sc-bdVaJa AANBu"
  >
    <div
      class="bp3-callout sc-kEYyzF ejxvfy"
    >
      <div
        class="sc-bwzfXH iqXUnX"
      >
        <div
          class="text"
        >
          <h4
            class="bp3-heading"
          >
            The audit has not started.
          </h4>
          <p>
            Audit setup is complete.
          </p>
          <p>
            0 of 2 jurisdictions have completed file uploads.
          </p>
        </div>
      </div>
    </div>
    <div
      class="sc-bwzfXH iqXUnX"
    >
      <div
        class="sc-bxivhb jyZAjn"
      >
        <h2
          class="bp3-heading sc-htpNat fysvnw"
        >
          Audit Setup
        </h2>
        <ul
          class="bp3-menu"
        >
          <li
            class=""
          >
            <a
              class="bp3-menu-item bp3-active bp3-intent-primary bp3-popover-dismiss"
            >
              <div
                class="bp3-text-overflow-ellipsis bp3-fill"
              >
                Participants
              </div>
            </a>
          </li>
          <li
            class="bp3-menu-divider"
          />
          <li
            class=""
          >
            <a
              class="bp3-menu-item bp3-disabled"
              tabindex="-1"
            >
              <div
                class="bp3-text-overflow-ellipsis bp3-fill"
              >
                Target Contests
              </div>
              <span
                class="bp3-menu-item-label"
              >
                <div
                  class="bp3-spinner"
                >
                  <div
                    class="bp3-spinner-animation"
                  >
                    <svg
                      height="20"
                      stroke-width="16.00"
                      viewBox="-3.00 -3.00 106.00 106.00"
                      width="20"
                    >
                      <path
                        class="bp3-spinner-track"
                        d="M 50,50 m 0,-45 a 45,45 0 1 1 0,90 a 45,45 0 1 1 0,-90"
                      />
                      <path
                        class="bp3-spinner-head"
                        d="M 50,50 m 0,-45 a 45,45 0 1 1 0,90 a 45,45 0 1 1 0,-90"
                        pathLength="280"
                        stroke-dasharray="280 280"
                        stroke-dashoffset="210"
                      />
                    </svg>
                  </div>
                </div>
              </span>
            </a>
          </li>
          <li
            class="bp3-menu-divider"
          />
          <li
            class=""
          >
            <a
              class="bp3-menu-item bp3-disabled"
              tabindex="-1"
            >
              <div
                class="bp3-text-overflow-ellipsis bp3-fill"
              >
                Opportunistic Contests
              </div>
              <span
                class="bp3-menu-item-label"
              >
                <div
                  class="bp3-spinner"
                >
                  <div
                    class="bp3-spinner-animation"
                  >
                    <svg
                      height="20"
                      stroke-width="16.00"
                      viewBox="-3.00 -3.00 106.00 106.00"
                      width="20"
                    >
                      <path
                        class="bp3-spinner-track"
                        d="M 50,50 m 0,-45 a 45,45 0 1 1 0,90 a 45,45 0 1 1 0,-90"
                      />
                      <path
                        class="bp3-spinner-head"
                        d="M 50,50 m 0,-45 a 45,45 0 1 1 0,90 a 45,45 0 1 1 0,-90"
                        pathLength="280"
                        stroke-dasharray="280 280"
                        stroke-dashoffset="210"
                      />
                    </svg>
                  </div>
                </div>
              </span>
            </a>
          </li>
          <li
            class="bp3-menu-divider"
          />
          <li
            class=""
          >
            <a
              class="bp3-menu-item bp3-popover-dismiss"
            >
              <div
                class="bp3-text-overflow-ellipsis bp3-fill"
              >
                Audit Settings
              </div>
            </a>
          </li>
          <li
            class="bp3-menu-divider"
          />
          <li
            class=""
          >
            <a
              class="bp3-menu-item bp3-popover-dismiss"
            >
              <div
                class="bp3-text-overflow-ellipsis bp3-fill"
              >
                Review & Launch
              </div>
            </a>
          </li>
        </ul>
      </div>
      <form
        data-testid="form-one"
      >
        <div
          class="sc-ifAKCX dUfgxM"
        >
          <h2
            class="bp3-heading sc-htpNat fysvnw"
          >
            Participants
          </h2>
          <label
            for="state"
          >
            Choose your state from the options below
            <br />
            <div
              class="bp3-html-select sc-gqjmRU kmMPEy"
            >
              <select
                data-testid="state-field"
                field="[object Object]"
                form="[object Object]"
                id="state"
              >
                <option
                  value=""
                />
                <option
                  label="Alabama"
                  value="AL"
                >
                  Alabama
                </option>
                <option
                  label="Alaska"
                  value="AK"
                >
                  Alaska
                </option>
                <option
                  label="Arizona"
                  value="AZ"
                >
                  Arizona
                </option>
                <option
                  label="Arkansas"
                  value="AR"
                >
                  Arkansas
                </option>
                <option
                  label="California"
                  value="CA"
                >
                  California
                </option>
                <option
                  label="Colorado"
                  value="CO"
                >
                  Colorado
                </option>
                <option
                  label="Connecticut"
                  value="CT"
                >
                  Connecticut
                </option>
                <option
                  label="Delaware"
                  value="DE"
                >
                  Delaware
                </option>
                <option
                  label="District Of Columbia"
                  value="DC"
                >
                  District Of Columbia
                </option>
                <option
                  label="Florida"
                  value="FL"
                >
                  Florida
                </option>
                <option
                  label="Georgia"
                  value="GA"
                >
                  Georgia
                </option>
                <option
                  label="Hawaii"
                  value="HI"
                >
                  Hawaii
                </option>
                <option
                  label="Idaho"
                  value="ID"
                >
                  Idaho
                </option>
                <option
                  label="Illinois"
                  value="IL"
                >
                  Illinois
                </option>
                <option
                  label="Indiana"
                  value="IN"
                >
                  Indiana
                </option>
                <option
                  label="Iowa"
                  value="IA"
                >
                  Iowa
                </option>
                <option
                  label="Kansas"
                  value="KS"
                >
                  Kansas
                </option>
                <option
                  label="Kentucky"
                  value="KY"
                >
                  Kentucky
                </option>
                <option
                  label="Louisiana"
                  value="LA"
                >
                  Louisiana
                </option>
                <option
                  label="Maine"
                  value="ME"
                >
                  Maine
                </option>
                <option
                  label="Maryland"
                  value="MD"
                >
                  Maryland
                </option>
                <option
                  label="Massachusetts"
                  value="MA"
                >
                  Massachusetts
                </option>
                <option
                  label="Michigan"
                  value="MI"
                >
                  Michigan
                </option>
                <option
                  label="Minnesota"
                  value="MN"
                >
                  Minnesota
                </option>
                <option
                  label="Mississippi"
                  value="MS"
                >
                  Mississippi
                </option>
                <option
                  label="Missouri"
                  value="MO"
                >
                  Missouri
                </option>
                <option
                  label="Montana"
                  value="MT"
                >
                  Montana
                </option>
                <option
                  label="Nebraska"
                  value="NE"
                >
                  Nebraska
                </option>
                <option
                  label="Nevada"
                  value="NV"
                >
                  Nevada
                </option>
                <option
                  label="New Hampshire"
                  value="NH"
                >
                  New Hampshire
                </option>
                <option
                  label="New Jersey"
                  value="NJ"
                >
                  New Jersey
                </option>
                <option
                  label="New Mexico"
                  value="NM"
                >
                  New Mexico
                </option>
                <option
                  label="New York"
                  value="NY"
                >
                  New York
                </option>
                <option
                  label="North Carolina"
                  value="NC"
                >
                  North Carolina
                </option>
                <option
                  label="North Dakota"
                  value="ND"
                >
                  North Dakota
                </option>
                <option
                  label="Ohio"
                  value="OH"
                >
                  Ohio
                </option>
                <option
                  label="Oklahoma"
                  value="OK"
                >
                  Oklahoma
                </option>
                <option
                  label="Oregon"
                  value="OR"
                >
                  Oregon
                </option>
                <option
                  label="Pennsylvania"
                  value="PA"
                >
                  Pennsylvania
                </option>
                <option
                  label="Rhode Island"
                  value="RI"
                >
                  Rhode Island
                </option>
                <option
                  label="South Carolina"
                  value="SC"
                >
                  South Carolina
                </option>
                <option
                  label="South Dakota"
                  value="SD"
                >
                  South Dakota
                </option>
                <option
                  label="Tennessee"
                  value="TN"
                >
                  Tennessee
                </option>
                <option
                  label="Texas"
                  value="TX"
                >
                  Texas
                </option>
                <option
                  label="Utah"
                  value="UT"
                >
                  Utah
                </option>
                <option
                  label="Vermont"
                  value="VT"
                >
                  Vermont
                </option>
                <option
                  label="Virginia"
                  value="VA"
                >
                  Virginia
                </option>
                <option
                  label="Washington"
                  value="WA"
                >
                  Washington
                </option>
                <option
                  label="West Virginia"
                  value="WV"
                >
                  West Virginia
                </option>
                <option
                  label="Wisconsin"
                  value="WI"
                >
                  Wisconsin
                </option>
                <option
                  label="Wyoming"
                  value="WY"
                >
                  Wyoming
                </option>
              </select>
              <span
                class="bp3-icon bp3-icon-double-caret-vertical"
                icon="double-caret-vertical"
              >
                <svg
                  data-icon="double-caret-vertical"
                  height="16"
                  viewBox="0 0 16 16"
                  width="16"
                >
                  <desc>
                    double-caret-vertical
                  </desc>
                  <path
                    d="M5 7h6a1.003 1.003 0 00.71-1.71l-3-3C8.53 2.11 8.28 2 8 2s-.53.11-.71.29l-3 3A1.003 1.003 0 005 7zm6 2H5a1.003 1.003 0 00-.71 1.71l3 3c.18.18.43.29.71.29s.53-.11.71-.29l3-3A1.003 1.003 0 0011 9z"
                    fill-rule="evenodd"
                  />
                </svg>
              </span>
            </div>
          </label>
          <div
            class="sc-dnqmqq HzlIh"
          >
            <div
              class="sc-iwsKbI bncGzX"
            >
              Click "Browse" to choose the appropriate file from your computer. This file should be a comma-separated list of all the jurisdictions participating in the audit, plus email addresses for audit administrators in each participating jurisdiction.
              <br />
              <br />
              <a
                href="http://localhost/sample_jurisdiction_filesheet.csv"
                rel="noopener noreferrer"
                target="_blank"
              >
                (Click here to view a sample file in the correct format.)
              </a>
            </div>
          </div>
          <div
            class="sc-dnqmqq HzlIh"
          >
            <span>
              file name
               
            </span>
            <button
              class="bp3-button sc-gzVnrw kdzzfK"
              type="button"
            >
              <span
                class="bp3-button-text"
              >
                Replace File
              </span>
            </button>
          </div>
        </div>
        <div
          class="bp3-spinner"
        >
          <div
            class="bp3-spinner-animation"
          >
            <svg
              height="50"
              stroke-width="8.00"
              viewBox="1.00 1.00 98.00 98.00"
              width="50"
            >
              <path
                class="bp3-spinner-track"
                d="M 50,50 m 0,-45 a 45,45 0 1 1 0,90 a 45,45 0 1 1 0,-90"
              />
              <path
                class="bp3-spinner-head"
                d="M 50,50 m 0,-45 a 45,45 0 1 1 0,90 a 45,45 0 1 1 0,-90"
                pathLength="280"
                stroke-dasharray="280 280"
                stroke-dashoffset="210"
              />
            </svg>
          </div>
        </div>
      </form>
    </div>
  </div>
</div>
`;
