// Jest Snapshot v1, https://goo.gl/fbAQLP

exports[`Sidebar renders all options 1`] = `
<div>
  <div
    class="sc-bwzfXH bzeSVq"
  >
    <h2
      class="bp3-heading sc-bdVaJa ibVpPq"
    >
      Test Sidebar
    </h2>
    <ul
      class="bp3-menu"
    >
      <li
        class=""
      >
        <a
          class="bp3-menu-item bp3-popover-dismiss"
        >
          <div
            class="bp3-text-overflow-ellipsis bp3-fill"
          >
            Item One
          </div>
        </a>
      </li>
      <li
        class="bp3-menu-divider"
      />
      <li
        class=""
      >
        <a
          class="bp3-menu-item bp3-disabled"
          tabindex="-1"
        >
          <div
            class="bp3-text-overflow-ellipsis bp3-fill"
          >
            Item Two
          </div>
        </a>
      </li>
      <li
        class="bp3-menu-divider"
      />
      <li
        class=""
      >
        <a
          class="bp3-menu-item bp3-disabled"
          tabindex="-1"
        >
          <div
            class="bp3-text-overflow-ellipsis bp3-fill"
          >
            Item Three
          </div>
          <span
            class="bp3-menu-item-label"
          >
            <div
              class="bp3-spinner"
            >
              <div
                class="bp3-spinner-animation"
              >
                <svg
                  height="20"
                  stroke-width="16.00"
                  viewBox="-3.00 -3.00 106.00 106.00"
                  width="20"
                >
                  <path
                    class="bp3-spinner-track"
                    d="M 50,50 m 0,-45 a 45,45 0 1 1 0,90 a 45,45 0 1 1 0,-90"
                  />
                  <path
                    class="bp3-spinner-head"
                    d="M 50,50 m 0,-45 a 45,45 0 1 1 0,90 a 45,45 0 1 1 0,-90"
                    pathLength="280"
                    stroke-dasharray="280 280"
                    stroke-dashoffset="210"
                  />
                </svg>
              </div>
            </div>
          </span>
        </a>
      </li>
      <li
        class="bp3-menu-divider"
      />
      <li
        class=""
      >
        <a
          class="bp3-menu-item bp3-active bp3-intent-primary bp3-popover-dismiss"
        >
          <div
            class="bp3-text-overflow-ellipsis bp3-fill"
          >
            Item Four
          </div>
        </a>
      </li>
    </ul>
  </div>
</div>
`;
