// Jest Snapshot v1, https://goo.gl/fbAQLP

exports[`Audit Setup > Participants renders empty state correctly 1`] = `
<div>
  <form
    data-testid="form-one"
  >
    <div
      class="sc-bwzfXH jFbAHP"
    >
      <h2
        class="bp3-heading sc-bdVaJa ibVpPq"
      >
        Participants
      </h2>
      <div
        class="sc-gzVnrw coBAaV"
      >
        <label
          for="state"
        >
          Choose your state from the options below
          <br />
          <div
            class="bp3-html-select sc-iwsKbI iYAkEx"
          >
            <select
              data-testid="state-field"
              field="[object Object]"
              form="[object Object]"
              id="state"
            >
              <option
                value=""
              />
              <option
                label="Alabama"
                value="AL"
              >
                Alabama
              </option>
              <option
                label="Alaska"
                value="AK"
              >
                Alaska
              </option>
              <option
                label="Arizona"
                value="AZ"
              >
                Arizona
              </option>
              <option
                label="Arkansas"
                value="AR"
              >
                Arkansas
              </option>
              <option
                label="California"
                value="CA"
              >
                California
              </option>
              <option
                label="Colorado"
                value="CO"
              >
                Colorado
              </option>
              <option
                label="Connecticut"
                value="CT"
              >
                Connecticut
              </option>
              <option
                label="Delaware"
                value="DE"
              >
                Delaware
              </option>
              <option
                label="District Of Columbia"
                value="DC"
              >
                District Of Columbia
              </option>
              <option
                label="Florida"
                value="FL"
              >
                Florida
              </option>
              <option
                label="Georgia"
                value="GA"
              >
                Georgia
              </option>
              <option
                label="Hawaii"
                value="HI"
              >
                Hawaii
              </option>
              <option
                label="Idaho"
                value="ID"
              >
                Idaho
              </option>
              <option
                label="Illinois"
                value="IL"
              >
                Illinois
              </option>
              <option
                label="Indiana"
                value="IN"
              >
                Indiana
              </option>
              <option
                label="Iowa"
                value="IA"
              >
                Iowa
              </option>
              <option
                label="Kansas"
                value="KS"
              >
                Kansas
              </option>
              <option
                label="Kentucky"
                value="KY"
              >
                Kentucky
              </option>
              <option
                label="Louisiana"
                value="LA"
              >
                Louisiana
              </option>
              <option
                label="Maine"
                value="ME"
              >
                Maine
              </option>
              <option
                label="Maryland"
                value="MD"
              >
                Maryland
              </option>
              <option
                label="Massachusetts"
                value="MA"
              >
                Massachusetts
              </option>
              <option
                label="Michigan"
                value="MI"
              >
                Michigan
              </option>
              <option
                label="Minnesota"
                value="MN"
              >
                Minnesota
              </option>
              <option
                label="Mississippi"
                value="MS"
              >
                Mississippi
              </option>
              <option
                label="Missouri"
                value="MO"
              >
                Missouri
              </option>
              <option
                label="Montana"
                value="MT"
              >
                Montana
              </option>
              <option
                label="Nebraska"
                value="NE"
              >
                Nebraska
              </option>
              <option
                label="Nevada"
                value="NV"
              >
                Nevada
              </option>
              <option
                label="New Hampshire"
                value="NH"
              >
                New Hampshire
              </option>
              <option
                label="New Jersey"
                value="NJ"
              >
                New Jersey
              </option>
              <option
                label="New Mexico"
                value="NM"
              >
                New Mexico
              </option>
              <option
                label="New York"
                value="NY"
              >
                New York
              </option>
              <option
                label="North Carolina"
                value="NC"
              >
                North Carolina
              </option>
              <option
                label="North Dakota"
                value="ND"
              >
                North Dakota
              </option>
              <option
                label="Ohio"
                value="OH"
              >
                Ohio
              </option>
              <option
                label="Oklahoma"
                value="OK"
              >
                Oklahoma
              </option>
              <option
                label="Oregon"
                value="OR"
              >
                Oregon
              </option>
              <option
                label="Pennsylvania"
                value="PA"
              >
                Pennsylvania
              </option>
              <option
                label="Rhode Island"
                value="RI"
              >
                Rhode Island
              </option>
              <option
                label="South Carolina"
                value="SC"
              >
                South Carolina
              </option>
              <option
                label="South Dakota"
                value="SD"
              >
                South Dakota
              </option>
              <option
                label="Tennessee"
                value="TN"
              >
                Tennessee
              </option>
              <option
                label="Texas"
                value="TX"
              >
                Texas
              </option>
              <option
                label="Utah"
                value="UT"
              >
                Utah
              </option>
              <option
                label="Vermont"
                value="VT"
              >
                Vermont
              </option>
              <option
                label="Virginia"
                value="VA"
              >
                Virginia
              </option>
              <option
                label="Washington"
                value="WA"
              >
                Washington
              </option>
              <option
                label="West Virginia"
                value="WV"
              >
                West Virginia
              </option>
              <option
                label="Wisconsin"
                value="WI"
              >
                Wisconsin
              </option>
              <option
                label="Wyoming"
                value="WY"
              >
                Wyoming
              </option>
            </select>
            <span
              class="bp3-icon bp3-icon-double-caret-vertical"
              icon="double-caret-vertical"
            >
              <svg
                data-icon="double-caret-vertical"
                height="16"
                viewBox="0 0 16 16"
                width="16"
              >
                <desc>
                  double-caret-vertical
                </desc>
                <path
                  d="M5 7h6a1.003 1.003 0 00.71-1.71l-3-3C8.53 2.11 8.28 2 8 2s-.53.11-.71.29l-3 3A1.003 1.003 0 005 7zm6 2H5a1.003 1.003 0 00-.71 1.71l3 3c.18.18.43.29.71.29s.53-.11.71-.29l3-3A1.003 1.003 0 0011 9z"
                  fill-rule="evenodd"
                />
              </svg>
            </span>
          </div>
        </label>
      </div>
      <div
        class="sc-gzVnrw coBAaV"
      >
        <div
          class="sc-htoDjs GlcDy"
        >
          Click "Browse" to choose the appropriate file from your computer. This file should be a comma-separated list of all the jurisdictions participating in the audit, plus email addresses for audit administrators in each participating jurisdiction.
          <br />
          <br />
          <a
            href="/sample_jurisdiction_filesheet.csv"
            rel="noopener noreferrer"
            target="_blank"
          >
            (Click here to view a sample file in the correct format.)
          </a>
        </div>
      </div>
      <div
        class="sc-gzVnrw coBAaV"
      >
        <label
          class="bp3-file-input"
        >
          <input
            accept=".csv"
            name="csv"
            type="file"
          />
          <span
            class="bp3-file-upload-input"
          >
            Select a CSV...
          </span>
        </label>
      </div>
    </div>
    <div
      class="sc-htpNat gtULUV"
    >
      <button
        class="bp3-button bp3-intent-primary sc-EHOje gmpgQN"
        type="submit"
      >
        <span
          class="bp3-button-text"
        >
          Save & Next
        </span>
      </button>
    </div>
  </form>
</div>
`;

exports[`Audit Setup > Participants renders filled state correctly & resets file 1`] = `
<div>
  <form
    data-testid="form-one"
  >
    <div
      class="sc-bwzfXH jFbAHP"
    >
      <h2
        class="bp3-heading sc-bdVaJa ibVpPq"
      >
        Participants
      </h2>
      <div
        class="sc-gzVnrw coBAaV"
      >
        <label
          for="state"
        >
          Choose your state from the options below
          <br />
          <div
            class="bp3-html-select sc-iwsKbI iYAkEx"
          >
            <select
              data-testid="state-field"
              field="[object Object]"
              form="[object Object]"
              id="state"
            >
              <option
                value=""
              />
              <option
                label="Alabama"
                value="AL"
              >
                Alabama
              </option>
              <option
                label="Alaska"
                value="AK"
              >
                Alaska
              </option>
              <option
                label="Arizona"
                value="AZ"
              >
                Arizona
              </option>
              <option
                label="Arkansas"
                value="AR"
              >
                Arkansas
              </option>
              <option
                label="California"
                value="CA"
              >
                California
              </option>
              <option
                label="Colorado"
                value="CO"
              >
                Colorado
              </option>
              <option
                label="Connecticut"
                value="CT"
              >
                Connecticut
              </option>
              <option
                label="Delaware"
                value="DE"
              >
                Delaware
              </option>
              <option
                label="District Of Columbia"
                value="DC"
              >
                District Of Columbia
              </option>
              <option
                label="Florida"
                value="FL"
              >
                Florida
              </option>
              <option
                label="Georgia"
                value="GA"
              >
                Georgia
              </option>
              <option
                label="Hawaii"
                value="HI"
              >
                Hawaii
              </option>
              <option
                label="Idaho"
                value="ID"
              >
                Idaho
              </option>
              <option
                label="Illinois"
                value="IL"
              >
                Illinois
              </option>
              <option
                label="Indiana"
                value="IN"
              >
                Indiana
              </option>
              <option
                label="Iowa"
                value="IA"
              >
                Iowa
              </option>
              <option
                label="Kansas"
                value="KS"
              >
                Kansas
              </option>
              <option
                label="Kentucky"
                value="KY"
              >
                Kentucky
              </option>
              <option
                label="Louisiana"
                value="LA"
              >
                Louisiana
              </option>
              <option
                label="Maine"
                value="ME"
              >
                Maine
              </option>
              <option
                label="Maryland"
                value="MD"
              >
                Maryland
              </option>
              <option
                label="Massachusetts"
                value="MA"
              >
                Massachusetts
              </option>
              <option
                label="Michigan"
                value="MI"
              >
                Michigan
              </option>
              <option
                label="Minnesota"
                value="MN"
              >
                Minnesota
              </option>
              <option
                label="Mississippi"
                value="MS"
              >
                Mississippi
              </option>
              <option
                label="Missouri"
                value="MO"
              >
                Missouri
              </option>
              <option
                label="Montana"
                value="MT"
              >
                Montana
              </option>
              <option
                label="Nebraska"
                value="NE"
              >
                Nebraska
              </option>
              <option
                label="Nevada"
                value="NV"
              >
                Nevada
              </option>
              <option
                label="New Hampshire"
                value="NH"
              >
                New Hampshire
              </option>
              <option
                label="New Jersey"
                value="NJ"
              >
                New Jersey
              </option>
              <option
                label="New Mexico"
                value="NM"
              >
                New Mexico
              </option>
              <option
                label="New York"
                value="NY"
              >
                New York
              </option>
              <option
                label="North Carolina"
                value="NC"
              >
                North Carolina
              </option>
              <option
                label="North Dakota"
                value="ND"
              >
                North Dakota
              </option>
              <option
                label="Ohio"
                value="OH"
              >
                Ohio
              </option>
              <option
                label="Oklahoma"
                value="OK"
              >
                Oklahoma
              </option>
              <option
                label="Oregon"
                value="OR"
              >
                Oregon
              </option>
              <option
                label="Pennsylvania"
                value="PA"
              >
                Pennsylvania
              </option>
              <option
                label="Rhode Island"
                value="RI"
              >
                Rhode Island
              </option>
              <option
                label="South Carolina"
                value="SC"
              >
                South Carolina
              </option>
              <option
                label="South Dakota"
                value="SD"
              >
                South Dakota
              </option>
              <option
                label="Tennessee"
                value="TN"
              >
                Tennessee
              </option>
              <option
                label="Texas"
                value="TX"
              >
                Texas
              </option>
              <option
                label="Utah"
                value="UT"
              >
                Utah
              </option>
              <option
                label="Vermont"
                value="VT"
              >
                Vermont
              </option>
              <option
                label="Virginia"
                value="VA"
              >
                Virginia
              </option>
              <option
                label="Washington"
                value="WA"
              >
                Washington
              </option>
              <option
                label="West Virginia"
                value="WV"
              >
                West Virginia
              </option>
              <option
                label="Wisconsin"
                value="WI"
              >
                Wisconsin
              </option>
              <option
                label="Wyoming"
                value="WY"
              >
                Wyoming
              </option>
            </select>
            <span
              class="bp3-icon bp3-icon-double-caret-vertical"
              icon="double-caret-vertical"
            >
              <svg
                data-icon="double-caret-vertical"
                height="16"
                viewBox="0 0 16 16"
                width="16"
              >
                <desc>
                  double-caret-vertical
                </desc>
                <path
                  d="M5 7h6a1.003 1.003 0 00.71-1.71l-3-3C8.53 2.11 8.28 2 8 2s-.53.11-.71.29l-3 3A1.003 1.003 0 005 7zm6 2H5a1.003 1.003 0 00-.71 1.71l3 3c.18.18.43.29.71.29s.53-.11.71-.29l3-3A1.003 1.003 0 0011 9z"
                  fill-rule="evenodd"
                />
              </svg>
            </span>
          </div>
        </label>
      </div>
      <div
        class="sc-gzVnrw coBAaV"
      >
        <div
          class="sc-htoDjs GlcDy"
        >
          Click "Browse" to choose the appropriate file from your computer. This file should be a comma-separated list of all the jurisdictions participating in the audit, plus email addresses for audit administrators in each participating jurisdiction.
          <br />
          <br />
          <a
            href="/sample_jurisdiction_filesheet.csv"
            rel="noopener noreferrer"
            target="_blank"
          >
            (Click here to view a sample file in the correct format.)
          </a>
        </div>
      </div>
      <div
        class="sc-gzVnrw coBAaV"
      >
        <span>
          filename.csv
           
        </span>
        <button
          class="bp3-button sc-EHOje gmpgQN"
          type="button"
        >
          <span
            class="bp3-button-text"
          >
            Replace File
          </span>
        </button>
      </div>
    </div>
    <div
      class="sc-htpNat gtULUV"
    >
      <button
        class="bp3-button bp3-intent-primary sc-EHOje gmpgQN"
        type="submit"
      >
        <span
          class="bp3-button-text"
        >
          Save & Next
        </span>
      </button>
    </div>
  </form>
</div>
`;

exports[`Audit Setup > Participants renders filled state correctly & resets file 2`] = `
<div>
  <form
    data-testid="form-one"
  >
    <div
      class="sc-bwzfXH jFbAHP"
    >
      <h2
        class="bp3-heading sc-bdVaJa ibVpPq"
      >
        Participants
      </h2>
      <div
        class="sc-gzVnrw coBAaV"
      >
        <label
          for="state"
        >
          Choose your state from the options below
          <br />
          <div
            class="bp3-html-select sc-iwsKbI iYAkEx"
          >
            <select
              data-testid="state-field"
              field="[object Object]"
              form="[object Object]"
              id="state"
            >
              <option
                value=""
              />
              <option
                label="Alabama"
                value="AL"
              >
                Alabama
              </option>
              <option
                label="Alaska"
                value="AK"
              >
                Alaska
              </option>
              <option
                label="Arizona"
                value="AZ"
              >
                Arizona
              </option>
              <option
                label="Arkansas"
                value="AR"
              >
                Arkansas
              </option>
              <option
                label="California"
                value="CA"
              >
                California
              </option>
              <option
                label="Colorado"
                value="CO"
              >
                Colorado
              </option>
              <option
                label="Connecticut"
                value="CT"
              >
                Connecticut
              </option>
              <option
                label="Delaware"
                value="DE"
              >
                Delaware
              </option>
              <option
                label="District Of Columbia"
                value="DC"
              >
                District Of Columbia
              </option>
              <option
                label="Florida"
                value="FL"
              >
                Florida
              </option>
              <option
                label="Georgia"
                value="GA"
              >
                Georgia
              </option>
              <option
                label="Hawaii"
                value="HI"
              >
                Hawaii
              </option>
              <option
                label="Idaho"
                value="ID"
              >
                Idaho
              </option>
              <option
                label="Illinois"
                value="IL"
              >
                Illinois
              </option>
              <option
                label="Indiana"
                value="IN"
              >
                Indiana
              </option>
              <option
                label="Iowa"
                value="IA"
              >
                Iowa
              </option>
              <option
                label="Kansas"
                value="KS"
              >
                Kansas
              </option>
              <option
                label="Kentucky"
                value="KY"
              >
                Kentucky
              </option>
              <option
                label="Louisiana"
                value="LA"
              >
                Louisiana
              </option>
              <option
                label="Maine"
                value="ME"
              >
                Maine
              </option>
              <option
                label="Maryland"
                value="MD"
              >
                Maryland
              </option>
              <option
                label="Massachusetts"
                value="MA"
              >
                Massachusetts
              </option>
              <option
                label="Michigan"
                value="MI"
              >
                Michigan
              </option>
              <option
                label="Minnesota"
                value="MN"
              >
                Minnesota
              </option>
              <option
                label="Mississippi"
                value="MS"
              >
                Mississippi
              </option>
              <option
                label="Missouri"
                value="MO"
              >
                Missouri
              </option>
              <option
                label="Montana"
                value="MT"
              >
                Montana
              </option>
              <option
                label="Nebraska"
                value="NE"
              >
                Nebraska
              </option>
              <option
                label="Nevada"
                value="NV"
              >
                Nevada
              </option>
              <option
                label="New Hampshire"
                value="NH"
              >
                New Hampshire
              </option>
              <option
                label="New Jersey"
                value="NJ"
              >
                New Jersey
              </option>
              <option
                label="New Mexico"
                value="NM"
              >
                New Mexico
              </option>
              <option
                label="New York"
                value="NY"
              >
                New York
              </option>
              <option
                label="North Carolina"
                value="NC"
              >
                North Carolina
              </option>
              <option
                label="North Dakota"
                value="ND"
              >
                North Dakota
              </option>
              <option
                label="Ohio"
                value="OH"
              >
                Ohio
              </option>
              <option
                label="Oklahoma"
                value="OK"
              >
                Oklahoma
              </option>
              <option
                label="Oregon"
                value="OR"
              >
                Oregon
              </option>
              <option
                label="Pennsylvania"
                value="PA"
              >
                Pennsylvania
              </option>
              <option
                label="Rhode Island"
                value="RI"
              >
                Rhode Island
              </option>
              <option
                label="South Carolina"
                value="SC"
              >
                South Carolina
              </option>
              <option
                label="South Dakota"
                value="SD"
              >
                South Dakota
              </option>
              <option
                label="Tennessee"
                value="TN"
              >
                Tennessee
              </option>
              <option
                label="Texas"
                value="TX"
              >
                Texas
              </option>
              <option
                label="Utah"
                value="UT"
              >
                Utah
              </option>
              <option
                label="Vermont"
                value="VT"
              >
                Vermont
              </option>
              <option
                label="Virginia"
                value="VA"
              >
                Virginia
              </option>
              <option
                label="Washington"
                value="WA"
              >
                Washington
              </option>
              <option
                label="West Virginia"
                value="WV"
              >
                West Virginia
              </option>
              <option
                label="Wisconsin"
                value="WI"
              >
                Wisconsin
              </option>
              <option
                label="Wyoming"
                value="WY"
              >
                Wyoming
              </option>
            </select>
            <span
              class="bp3-icon bp3-icon-double-caret-vertical"
              icon="double-caret-vertical"
            >
              <svg
                data-icon="double-caret-vertical"
                height="16"
                viewBox="0 0 16 16"
                width="16"
              >
                <desc>
                  double-caret-vertical
                </desc>
                <path
                  d="M5 7h6a1.003 1.003 0 00.71-1.71l-3-3C8.53 2.11 8.28 2 8 2s-.53.11-.71.29l-3 3A1.003 1.003 0 005 7zm6 2H5a1.003 1.003 0 00-.71 1.71l3 3c.18.18.43.29.71.29s.53-.11.71-.29l3-3A1.003 1.003 0 0011 9z"
                  fill-rule="evenodd"
                />
              </svg>
            </span>
          </div>
        </label>
      </div>
      <div
        class="sc-gzVnrw coBAaV"
      >
        <div
          class="sc-htoDjs GlcDy"
        >
          Click "Browse" to choose the appropriate file from your computer. This file should be a comma-separated list of all the jurisdictions participating in the audit, plus email addresses for audit administrators in each participating jurisdiction.
          <br />
          <br />
          <a
            href="/sample_jurisdiction_filesheet.csv"
            rel="noopener noreferrer"
            target="_blank"
          >
            (Click here to view a sample file in the correct format.)
          </a>
        </div>
      </div>
      <div
        class="sc-gzVnrw coBAaV"
      >
        <label
          class="bp3-file-input"
        >
          <input
            accept=".csv"
            name="csv"
            type="file"
          />
          <span
            class="bp3-file-upload-input"
          >
            Select a CSV...
          </span>
        </label>
      </div>
    </div>
    <div
      class="sc-htpNat gtULUV"
    >
      <button
        class="bp3-button bp3-intent-primary sc-EHOje gmpgQN"
        type="submit"
      >
        <span
          class="bp3-button-text"
        >
          Save & Next
        </span>
      </button>
    </div>
  </form>
</div>
`;
