// Jest Snapshot v1, https://goo.gl/fbAQLP

exports[`ResetButton does not render when authenticated 1`] = `<div />`;

exports[`ResetButton renders 1`] = `<div />`;

exports[`ResetButton renders disabled 1`] = `<div />`;
