// Jest Snapshot v1, https://goo.gl/fbAQLP

exports[`CreateAudit lists associated elections for authenticated AA user 1`] = `
<div>
  <div
    class="sc-gZMcBi coLhGN"
  >
    <img
      alt="Arlo, by VotingWorks"
      height="50px"
      src="/arlo.png"
    />
    <div
      class="sc-htpNat kLGmUl"
    >
      <label
        for="audit-name"
        id="audit-name-label"
      >
        Give your new audit a unique name.
        <div
          class="sc-VigVT kxLHnZ sc-EHOje bXavad"
        >
          <div
            class="bp3-input-group sc-bZQynM fFGKEg"
          >
            <input
              aria-labelledby="audit-name-label"
              class="bp3-input"
              id="audit-name"
              name="auditName"
              style="padding-right: 10px;"
              value=""
            />
          </div>
        </div>
      </label>
    </div>
    <button
      class="bp3-button bp3-fill bp3-large bp3-intent-primary sc-iwsKbI kljBkO sc-bwzfXH eBfcXh"
      type="button"
    >
      <span
        class="bp3-button-text"
      >
        Create a New Audit
      </span>
    </button>
  </div>
</div>
`;

exports[`CreateAudit lists associated elections for authenticated JA user 1`] = `
<div>
  <div
    class="sc-gZMcBi coLhGN"
  >
    <img
      alt="Arlo, by VotingWorks"
      height="50px"
      src="/arlo.png"
    />
    <div
      class="sc-htpNat kLGmUl"
    >
      <label
        for="audit-name"
        id="audit-name-label"
      >
        Give your new audit a unique name.
        <div
          class="sc-VigVT kxLHnZ sc-EHOje bXavad"
        >
          <div
            class="bp3-input-group sc-bZQynM fFGKEg"
          >
            <input
              aria-labelledby="audit-name-label"
              class="bp3-input"
              id="audit-name"
              name="auditName"
              style="padding-right: 10px;"
              value=""
            />
          </div>
        </div>
      </label>
    </div>
    <button
      class="bp3-button bp3-fill bp3-large bp3-intent-primary sc-iwsKbI kljBkO sc-bwzfXH eBfcXh"
      type="button"
    >
      <span
        class="bp3-button-text"
      >
        Create a New Audit
      </span>
    </button>
  </div>
</div>
`;

exports[`CreateAudit renders correctly 1`] = `
<div>
  <div
    class="sc-gZMcBi coLhGN"
  >
    <img
      alt="Arlo, by VotingWorks"
      height="50px"
      src="/arlo.png"
    />
    <button
      class="bp3-button bp3-fill bp3-large bp3-intent-primary sc-iwsKbI kljBkO sc-bdVaJa gLVjYw"
      type="button"
    >
      <span
        class="bp3-button-text"
      >
        Log in as an Audit Admin
      </span>
    </button>
    <button
      class="bp3-button bp3-fill bp3-large bp3-intent-primary sc-iwsKbI kljBkO sc-bdVaJa gLVjYw"
      type="button"
    >
      <span
        class="bp3-button-text"
      >
        Log in as a Jurisdiction Admin
      </span>
    </button>
  </div>
</div>
`;
