// Jest Snapshot v1, https://goo.gl/fbAQLP

exports[`renders correctly 1`] = `
<div>
  <div
    class="bp3-navbar bp3-fixed-top sc-bwzfXH rpDk"
  >
    <div
      class="bp3-navbar-group bp3-align-left"
    >
      <div
        class="bp3-navbar-heading"
      >
        <img
          alt="Arlo, by VotingWorks"
          src="/arlo.png"
        />
      </div>
    </div>
    <div
      class="bp3-navbar-group bp3-align-right"
    >
      <div
        class="sc-bdVaJa bKktsd"
        id="reset-button-wrapper"
      />
    </div>
  </div>
</div>
`;
