// Jest Snapshot v1, https://goo.gl/fbAQLP

exports[`Batch comparison data entry edits the results for a batch 1`] = `"<table id=\\"results-table\\" class=\\"bp3-html-table bp3-html-table-bordered bp3-html-table-striped sc-bdVaJa lhFUpu\\"><thead><tr><th style=\\"width: 22%;\\">Batch Name</th><th>Choice One</th><th>Choice Two</th><th class=\\"sc-bxivhb logWDV\\">Batch Total Votes</th><th style=\\"width: 120px;\\">Actions</th></tr></thead><tbody><tr><td>Batch One</td><td class=\\"sc-bwzfXH jazXpl\\">1</td><td class=\\"sc-bwzfXH jazXpl\\">2</td><td class=\\"sc-htpNat dSZuaR\\">3</td><td><button type=\\"button\\" class=\\"bp3-button\\"><span icon=\\"edit\\" class=\\"bp3-icon bp3-icon-edit\\"><svg data-icon=\\"edit\\" width=\\"16\\" height=\\"16\\" viewBox=\\"0 0 16 16\\"><desc>edit</desc><path d=\\"M3.25 10.26l2.47 2.47 6.69-6.69-2.46-2.48-6.7 6.7zM.99 14.99l3.86-1.39-2.46-2.44-1.4 3.83zm12.25-14c-.48 0-.92.2-1.24.51l-1.44 1.44 2.47 2.47 1.44-1.44c.32-.32.51-.75.51-1.24.01-.95-.77-1.74-1.74-1.74z\\" fill-rule=\\"evenodd\\"></path></svg></span><span class=\\"bp3-button-text\\">Edit</span></button></td></tr><tr><td>Batch Two</td><td class=\\"sc-bwzfXH jazXpl\\"></td><td class=\\"sc-bwzfXH jazXpl\\"></td><td class=\\"sc-htpNat dSZuaR\\"></td><td><button type=\\"button\\" class=\\"bp3-button\\"><span icon=\\"edit\\" class=\\"bp3-icon bp3-icon-edit\\"><svg data-icon=\\"edit\\" width=\\"16\\" height=\\"16\\" viewBox=\\"0 0 16 16\\"><desc>edit</desc><path d=\\"M3.25 10.26l2.47 2.47 6.69-6.69-2.46-2.48-6.7 6.7zM.99 14.99l3.86-1.39-2.46-2.44-1.4 3.83zm12.25-14c-.48 0-.92.2-1.24.51l-1.44 1.44 2.47 2.47 1.44-1.44c.32-.32.51-.75.51-1.24.01-.95-.77-1.74-1.74-1.74z\\" fill-rule=\\"evenodd\\"></path></svg></span><span class=\\"bp3-button-text\\">Edit</span></button></td></tr><tr><td>Batch Three</td><td class=\\"sc-bwzfXH jazXpl\\"></td><td class=\\"sc-bwzfXH jazXpl\\"></td><td class=\\"sc-htpNat dSZuaR\\"></td><td><button type=\\"button\\" class=\\"bp3-button\\"><span icon=\\"edit\\" class=\\"bp3-icon bp3-icon-edit\\"><svg data-icon=\\"edit\\" width=\\"16\\" height=\\"16\\" viewBox=\\"0 0 16 16\\"><desc>edit</desc><path d=\\"M3.25 10.26l2.47 2.47 6.69-6.69-2.46-2.48-6.7 6.7zM.99 14.99l3.86-1.39-2.46-2.44-1.4 3.83zm12.25-14c-.48 0-.92.2-1.24.51l-1.44 1.44 2.47 2.47 1.44-1.44c.32-.32.51-.75.51-1.24.01-.95-.77-1.74-1.74-1.74z\\" fill-rule=\\"evenodd\\"></path></svg></span><span class=\\"bp3-button-text\\">Edit</span></button></td></tr><tr><td class=\\"sc-htpNat dSZuaR\\">Choice Total Votes</td><td class=\\"sc-htpNat dSZuaR\\">1</td><td class=\\"sc-htpNat dSZuaR\\">2</td><td class=\\"sc-htpNat dSZuaR\\">3</td><td></td></tr></tbody></table>"`;
