CONTEST 1
NEN,Winner,380,Loser,378,Eliminated,379,381,79
NEB,Winner,380,Loser,379,Eliminated
NEB,Winner,380,Loser,381,Eliminated
NEB,Winner,380,Loser,79,Eliminated
