// Jest Snapshot v1, https://goo.gl/fbAQLP

exports[`MemberForm renders correctly 1`] = `
<div>
  <div>
    <h1
      class="bp3-heading"
    >
      board name
      : Member Sign-in
    </h1>
    <p>
      Enter the information below for each member of 
      jurisdiction name
       
      board name
       below, then click "Next" to proceed.
    </p>
    <form>
      <div
        class="sc-bdVaJa kKNzTG"
      >
        <h5
          class="bp3-heading"
        >
          Audit Board Member
        </h5>
        <label
          class="sc-dnqmqq kSLuZR"
          for="[0]name"
        >
          Full Name
        </label>
        <input
          class="sc-iwsKbI hdoOFn"
          id="[0]name"
          name="[0]name"
          value=""
        />
        <label
          class="sc-dnqmqq kSLuZR"
          for="[0]affiliation"
        >
          Party Affiliation 
          <i>
            (optional)
          </i>
        </label>
        <div>
          <label
            class="bp3-control bp3-radio"
          >
            <input
              name="[0]affiliation"
              type="radio"
              value="DEM"
            />
            <span
              class="bp3-control-indicator"
            />
            Democrat
          </label>
          <label
            class="bp3-control bp3-radio"
          >
            <input
              name="[0]affiliation"
              type="radio"
              value="REP"
            />
            <span
              class="bp3-control-indicator"
            />
            Republican
          </label>
          <label
            class="bp3-control bp3-radio"
          >
            <input
              name="[0]affiliation"
              type="radio"
              value="LIB"
            />
            <span
              class="bp3-control-indicator"
            />
            Libertarian
          </label>
          <label
            class="bp3-control bp3-radio"
          >
            <input
              name="[0]affiliation"
              type="radio"
              value="IND"
            />
            <span
              class="bp3-control-indicator"
            />
            Independent/Unaffiliated
          </label>
          <label
            class="bp3-control bp3-radio"
          >
            <input
              name="[0]affiliation"
              type="radio"
              value="OTH"
            />
            <span
              class="bp3-control-indicator"
            />
            Other
          </label>
          <label
            class="bp3-control bp3-radio"
          >
            <input
              checked=""
              name="[0]affiliation"
              type="radio"
              value=""
            />
            <span
              class="bp3-control-indicator"
            />
            None
          </label>
        </div>
      </div>
      <div
        class="sc-bdVaJa kKNzTG"
      >
        <h5
          class="bp3-heading"
        >
          Audit Board Member
        </h5>
        <label
          class="sc-dnqmqq kSLuZR"
          for="[1]name"
        >
          Full Name
        </label>
        <input
          class="sc-iwsKbI hdoOFn"
          id="[1]name"
          name="[1]name"
          value=""
        />
        <label
          class="sc-dnqmqq kSLuZR"
          for="[1]affiliation"
        >
          Party Affiliation 
          <i>
            (optional)
          </i>
        </label>
        <div>
          <label
            class="bp3-control bp3-radio"
          >
            <input
              name="[1]affiliation"
              type="radio"
              value="DEM"
            />
            <span
              class="bp3-control-indicator"
            />
            Democrat
          </label>
          <label
            class="bp3-control bp3-radio"
          >
            <input
              name="[1]affiliation"
              type="radio"
              value="REP"
            />
            <span
              class="bp3-control-indicator"
            />
            Republican
          </label>
          <label
            class="bp3-control bp3-radio"
          >
            <input
              name="[1]affiliation"
              type="radio"
              value="LIB"
            />
            <span
              class="bp3-control-indicator"
            />
            Libertarian
          </label>
          <label
            class="bp3-control bp3-radio"
          >
            <input
              name="[1]affiliation"
              type="radio"
              value="IND"
            />
            <span
              class="bp3-control-indicator"
            />
            Independent/Unaffiliated
          </label>
          <label
            class="bp3-control bp3-radio"
          >
            <input
              name="[1]affiliation"
              type="radio"
              value="OTH"
            />
            <span
              class="bp3-control-indicator"
            />
            Other
          </label>
          <label
            class="bp3-control bp3-radio"
          >
            <input
              checked=""
              name="[1]affiliation"
              type="radio"
              value=""
            />
            <span
              class="bp3-control-indicator"
            />
            None
          </label>
        </div>
      </div>
      <button
        class="bp3-button bp3-disabled bp3-intent-primary sc-bxivhb WkpPV"
        disabled=""
        tabindex="-1"
        type="button"
      >
        <span
          class="bp3-button-text"
        >
          Next
        </span>
      </button>
    </form>
  </div>
</div>
`;
