// Jest Snapshot v1, https://goo.gl/fbAQLP

exports[`App renders properly 1`] = `
<div>
  <div
    class="Toastify"
  />
  <div
    class="sc-jbKcbu brJziM"
  >
    <div
      class="bp3-navbar sc-EHOje dYMYMZ"
    >
      <div
        class="sc-bxivhb sc-bZQynM iSWjGC"
      >
        <div
          class="bp3-navbar-group bp3-align-left"
        >
          <div
            class="bp3-navbar-heading"
          >
            <a
              href="/"
            >
              <img
                alt="Arlo, by VotingWorks"
                src="/arlo.png"
              />
            </a>
          </div>
        </div>
        <div
          class="bp3-navbar-group bp3-align-right"
        >
          <div
            class="sc-ifAKCX jNLPyG"
            id="reset-button-wrapper"
          />
        </div>
      </div>
    </div>
    <div
      class="sc-frDJqD cvgOmW"
    >
      <img
        alt="Arlo, by VotingWorks"
        height="50px"
        src="/arlo.png"
      />
      <div
        class="sc-gzVnrw coBAaV"
      >
        <label
          for="audit-name"
          id="audit-name-label"
        >
          Give your new audit a unique name.
          <div
            class="sc-hqyNC goeAEr sc-gqjmRU egaEhI"
          >
            <div
              class="bp3-input-group sc-VigVT hfLuvB"
            >
              <input
                aria-labelledby="audit-name-label"
                class="bp3-input"
                id="audit-name"
                name="auditName"
                style="padding-right: 10px;"
                value=""
              />
            </div>
          </div>
        </label>
      </div>
      <button
        class="bp3-button bp3-fill bp3-large bp3-intent-primary sc-hmzhuo jZujBA sc-bwzfXH eBfcXh"
        type="button"
      >
        <span
          class="bp3-button-text"
        >
          Create a New Audit
        </span>
      </button>
      <button
        class="bp3-button bp3-fill bp3-large bp3-intent-primary sc-hmzhuo jZujBA sc-bdVaJa gLVjYw"
        type="button"
      >
        <span
          class="bp3-button-text"
        >
          Log in as an Audit Admin
        </span>
      </button>
      <button
        class="bp3-button bp3-fill bp3-large bp3-intent-primary sc-hmzhuo jZujBA sc-bdVaJa gLVjYw"
        type="button"
      >
        <span
          class="bp3-button-text"
        >
          Log in as a Jurisdiction Admin
        </span>
      </button>
    </div>
  </div>
</div>
`;
